Nothing to build in platform 'design_1_wrapper'

14:27:42 **** Incremental Build of configuration Debug for project PROJ_GREGBLK_PS ****
make all 
make --no-print-directory pre-build
a9-linaro-pre-build-step
' '
make --no-print-directory main-build
'Building file: ../src/helloworld.c'
'Invoking: ARM v7 gcc compiler'
arm-none-eabi-gcc -Wall -O0 -g3 -c -fmessage-length=0 -MT"src/helloworld.o" -mcpu=cortex-a9 -mfpu=vfpv3 -mfloat-abi=hard -IC:/Users/warwargr/GPROJ_GREGBLK_PS/project_Vitis_GREGBLK_PS/design_1_wrapper/export/design_1_wrapper/sw/design_1_wrapper/standalone_ps7_cortexa9_0/bspinclude/include -MMD -MP -MF"src/helloworld.d" -MT"src/helloworld.o" -o "src/helloworld.o" "../src/helloworld.c"
In file included from C:/Users/warwargr/GPROJ_GREGBLK_PS/project_Vitis_GREGBLK_PS/design_1_wrapper/export/design_1_wrapper/sw/design_1_wrapper/standalone_ps7_cortexa9_0/bspinclude/include/xil_types.h:51,
                 from C:/Users/warwargr/GPROJ_GREGBLK_PS/project_Vitis_GREGBLK_PS/design_1_wrapper/export/design_1_wrapper/sw/design_1_wrapper/standalone_ps7_cortexa9_0/bspinclude/include/xil_printf.h:16,
                 from ../src/helloworld.c:7:
../src/helloworld.c: In function 'main':
C:/Users/warwargr/GPROJ_GREGBLK_PS/project_Vitis_GREGBLK_PS/design_1_wrapper/export/design_1_wrapper/sw/design_1_wrapper/standalone_ps7_cortexa9_0/bspinclude/include/xparameters.h:266:34: warning: unsigned conversion from 'int' to 'u16' {aka 'short unsigned int'} changes value from '1092616192' to '0' [-Woverflow]
  266 | #define XPAR_AXI_GPIO_0_BASEADDR 0x41200000
      |                                  ^~~~~~~~~~
../src/helloworld.c:31:36: note: in expansion of macro 'XPAR_AXI_GPIO_0_BASEADDR'
   31 |   Status = XGpio_Initialize(&Gpio, XPAR_AXI_GPIO_0_BASEADDR);
      |                                    ^~~~~~~~~~~~~~~~~~~~~~~~
'Finished building: ../src/helloworld.c'
' '
'Building target: PROJ_GREGBLK_PS.elf'
'Invoking: ARM v7 gcc linker'
arm-none-eabi-gcc -mcpu=cortex-a9 -mfpu=vfpv3 -mfloat-abi=hard -Wl,-build-id=none -specs=Xilinx.spec -Wl,-T -Wl,../src/lscript.ld -LC:/Users/warwargr/GPROJ_GREGBLK_PS/project_Vitis_GREGBLK_PS/design_1_wrapper/export/design_1_wrapper/sw/design_1_wrapper/standalone_ps7_cortexa9_0/bsplib/lib -o "PROJ_GREGBLK_PS.elf"  ./src/helloworld.o ./src/platform.o   -Wl,--start-group,-lxil,-lgcc,-lc,--end-group
'Finished building target: PROJ_GREGBLK_PS.elf'
' '
'Invoking: ARM v7 Print Size'
arm-none-eabi-size PROJ_GREGBLK_PS.elf  |tee "PROJ_GREGBLK_PS.elf.size"
   text	   data	    bss	    dec	    hex	filename
  24561	   1160	  22592	  48313	   bcb9	PROJ_GREGBLK_PS.elf
'Finished building: PROJ_GREGBLK_PS.elf.size'
' '
14:27:43 **** Incremental Build of configuration Debug for project PROJ_GREGBLK_PS_system ****
make all 
Generating bif file for the system project
generate_system_bif.bat 64252 C:/Users/warwargr/GPROJ_GREGBLK_PS/project_Vitis_GREGBLK_PS/design_1_wrapper/export/design_1_wrapper/design_1_wrapper.xpfm standalone_ps7_cortexa9_0 C:/Users/warwargr/GPROJ_GREGBLK_PS/project_Vitis_GREGBLK_PS/PROJ_GREGBLK_PS_system/Debug/system.bif
'\gnu\microblaze\lin\bin\' is not recognized as an internal or external command,
operable program or batch file.
'\gnu\microblaze\nt\bin\' is not recognized as an internal or external command,
operable program or batch file.
'\gnuwin\bin\' is not recognized as an internal or external command,
operable program or batch file.
sdcard_gen --xpfm C:/Users/warwargr/GPROJ_GREGBLK_PS/project_Vitis_GREGBLK_PS/design_1_wrapper/export/design_1_wrapper/design_1_wrapper.xpfm --sys_config design_1_wrapper --bif C:/Users/warwargr/GPROJ_GREGBLK_PS/project_Vitis_GREGBLK_PS/PROJ_GREGBLK_PS_system/Debug/system.bif --bitstream C:/Users/warwargr/GPROJ_GREGBLK_PS/project_Vitis_GREGBLK_PS/PROJ_GREGBLK_PS/_ide/bitstream/design_1_wrapper.bit --elf C:/Users/warwargr/GPROJ_GREGBLK_PS/project_Vitis_GREGBLK_PS/PROJ_GREGBLK_PS/Debug/PROJ_GREGBLK_PS.elf,ps7_cortexa9_0
creating BOOT.BIN using C:/Users/warwargr/GPROJ_GREGBLK_PS/project_Vitis_GREGBLK_PS/PROJ_GREGBLK_PS/_ide/bitstream/design_1_wrapper.bit
Running C:/Xilinx/Vitis/2024.1/bin/bootgen  -image C:/Users/warwargr/GPROJ_GREGBLK_PS/project_Vitis_GREGBLK_PS/PROJ_GREGBLK_PS_system/Debug/sd_card_temp/boot.bif -w -o i BOOT.BIN
