#-----------------------------------------------------------
# Vivado v2024.1 (64-bit)
# SW Build 5076996 on Wed May 22 18:37:14 MDT 2024
# IP Build 5075265 on Wed May 22 21:45:21 MDT 2024
# SharedData Build 5076995 on Wed May 22 18:29:18 MDT 2024
# Start of session at: Fri Oct 11 14:09:08 2024
# Process ID: 732
# Current directory: C:/Users/warwargr/GPROJ_GREGBLK_PS/project_Vivado_GREGBLK_PS/project_Vivado_GREGBLK_PS.runs/design_1_processing_system7_0_0_synth_1
# Command line: vivado.exe -log design_1_processing_system7_0_0.vds -product Vivado -mode batch -messageDb vivado.pb -notrace -source design_1_processing_system7_0_0.tcl
# Log file: C:/Users/warwargr/GPROJ_GREGBLK_PS/project_Vivado_GREGBLK_PS/project_Vivado_GREGBLK_PS.runs/design_1_processing_system7_0_0_synth_1/design_1_processing_system7_0_0.vds
# Journal file: C:/Users/warwargr/GPROJ_GREGBLK_PS/project_Vivado_GREGBLK_PS/project_Vivado_GREGBLK_PS.runs/design_1_processing_system7_0_0_synth_1\vivado.jou
# Running On        :TER-72uu0sv1J3A
# Platform          :Windows Server 2016 or Windows 10
# Operating System  :19045
# Processor Detail  :13th Gen Intel(R) Core(TM) i7-1365U
# CPU Frequency     :2688 MHz
# CPU Physical cores:10
# CPU Logical cores :12
# Host memory       :33995 MB
# Swap memory       :5100 MB
# Total Virtual     :39095 MB
# Available Virtual :18750 MB
#-----------------------------------------------------------
source design_1_processing_system7_0_0.tcl -notrace
